// Jest Snapshot v1, https://goo.gl/fbAQLP

exports[`ColorPicker renders ColorPicker correctly 1`] = `
<div
  className="ms-ColorPicker"
>
  <div
    className="ms-ColorPicker-panel"
  >
    <div
      className="ms-ColorPicker-colorRect"
      onMouseDown={[Function]}
      style={
        Object {
          "backgroundColor": "#ff0000",
          "minHeight": 220,
          "minWidth": 220,
        }
      }
    >
      <div
        className="ms-ColorPicker-light"
      />
      <div
        className="ms-ColorPicker-dark"
      />
      <div
        className="ms-ColorPicker-thumb"
        style={
          Object {
            "backgroundColor": "#FFFFFF",
            "left": "0%",
            "top": "0%",
          }
        }
      />
    </div>
    <div
      className="ms-ColorPicker-slider is-hue"
      onMouseDown={[Function]}
    >
      <div
        className="ms-ColorPicker-sliderOverlay"
        style={undefined}
      />
      <div
        className="ms-ColorPicker-thumb is-slider"
        style={
          Object {
            "left": "0%",
          }
        }
      />
    </div>
    <div
      className="ms-ColorPicker-slider is-alpha"
      onMouseDown={[Function]}
    >
      <div
        className="ms-ColorPicker-sliderOverlay"
        style={
          Object {
            "background": "linear-gradient(to right, transparent 0, #FFFFFF 100%)",
          }
        }
      />
      <div
        className="ms-ColorPicker-thumb is-slider"
        style={
          Object {
            "left": "100%",
          }
        }
      />
    </div>
    <table
      cellPadding="0"
      cellSpacing="0"
      className="ms-ColorPicker-table"
    >
      <thead>
        <tr
          className=

              {
                -moz-osx-font-smoothing: grayscale;
                -webkit-font-smoothing: antialiased;
                font-family: 'Segoe UI Web (West European)', 'Segoe UI', -apple-system, BlinkMacSystemFont, 'Roboto', 'Helvetica Neue', sans-serif;
                font-size: 12px;
                font-weight: 400;
              }
        >
          <td
            className={undefined}
          >
            Hex
          </td>
          <td>
            Red
          </td>
          <td>
            Green
          </td>
          <td>
            Blue
          </td>
          <td>
            Alpha
          </td>
        </tr>
      </thead>
      <tbody>
        <tr>
          <td>
            <div
              className=
                  ms-TextField
                  {
                    box-shadow: none;
                    box-sizing: border-box;
                    margin-bottom: 0px;
                    margin-left: 0px;
                    margin-right: 0px;
                    margin-top: 0px;
                    padding-bottom: 0px;
                    padding-left: 0px;
                    padding-right: 0px;
                    padding-top: 0px;
                    position: relative;
                  }
            >
              <div
                className=


              >
                <div
                  className=
                      ms-TextField-fieldGroup
                      {
                        align-items: stretch;
                        background: #ffffff;
                        border: 1px solid #a6a6a6;
                        box-shadow: none;
                        box-sizing: border-box;
                        display: flex;
                        flex-direction: row;
                        height: 32px;
                        margin-bottom: 0px;
                        margin-left: 0px;
                        margin-right: 0px;
                        margin-top: 0px;
                        padding-bottom: 0px;
                        padding-left: 0px;
                        padding-right: 0px;
                        padding-top: 0px;
                        position: relative;
                      }
                      &:-ms-clear {
                        display: none;
                      }
                      &:hover {
                        border-color: #212121;
                      }
                      @media screen and (-ms-high-contrast: active){&:hover {
                        border-color: Highlight;
                      }
                >
                  <input
                    aria-describedby={null}
                    aria-invalid={false}
                    aria-label={undefined}
                    className=
                        ms-TextField-field
                        {
                          background: none;
                          border-radius: 0px;
                          border: none;
                          box-shadow: none;
                          box-sizing: border-box;
                          color: #333333;
                          font-size: 14px;
                          margin-bottom: 0px;
                          margin-left: 0px;
                          margin-right: 0px;
                          margin-top: 0px;
                          outline: 0px;
                          padding-bottom: 0;
                          padding-left: 12px;
                          padding-right: 12px;
                          padding-top: 0;
                          text-overflow: ellipsis;
                          width: 100%;
                        }
                        &:active {
                          outline: 0px;
                        }
                        &:focus {
                          outline: 0px;
                        }
                        &:hover {
                          outline: 0px;
                        }
                        &:placeholder {
                          color: #a6a6a6;
                        }
                    id="TextField0"
                    onBlur={[Function]}
                    onChange={[Function]}
                    onFocus={[Function]}
                    onInput={[Function]}
                    spellCheck={false}
                    type="text"
                    value="ffffff"
                  />
                </div>
              </div>
            </div>
          </td>
          <td
            style={
              Object {
                "width": "18%",
              }
            }
          >
            <div
              className=
                  ms-TextField
                  {
                    box-shadow: none;
                    box-sizing: border-box;
                    margin-bottom: 0px;
                    margin-left: 0px;
                    margin-right: 0px;
                    margin-top: 0px;
                    padding-bottom: 0px;
                    padding-left: 0px;
                    padding-right: 0px;
                    padding-top: 0px;
                    position: relative;
                  }
            >
              <div
                className=


              >
                <div
                  className=
                      ms-TextField-fieldGroup
                      {
                        align-items: stretch;
                        background: #ffffff;
                        border: 1px solid #a6a6a6;
                        box-shadow: none;
                        box-sizing: border-box;
                        display: flex;
                        flex-direction: row;
                        height: 32px;
                        margin-bottom: 0px;
                        margin-left: 0px;
                        margin-right: 0px;
                        margin-top: 0px;
                        padding-bottom: 0px;
                        padding-left: 0px;
                        padding-right: 0px;
                        padding-top: 0px;
                        position: relative;
                      }
                      &:-ms-clear {
                        display: none;
                      }
                      &:hover {
                        border-color: #212121;
                      }
                      @media screen and (-ms-high-contrast: active){&:hover {
                        border-color: Highlight;
                      }
                >
                  <input
                    aria-describedby={null}
                    aria-invalid={false}
                    aria-label={undefined}
                    className=
                        ms-TextField-field
                        {
                          background: none;
                          border-radius: 0px;
                          border: none;
                          box-shadow: none;
                          box-sizing: border-box;
                          color: #333333;
                          font-size: 14px;
                          margin-bottom: 0px;
                          margin-left: 0px;
                          margin-right: 0px;
                          margin-top: 0px;
                          outline: 0px;
                          padding-bottom: 0;
                          padding-left: 12px;
                          padding-right: 12px;
                          padding-top: 0;
                          text-overflow: ellipsis;
                          width: 100%;
                        }
                        &:active {
                          outline: 0px;
                        }
                        &:focus {
                          outline: 0px;
                        }
                        &:hover {
                          outline: 0px;
                        }
                        &:placeholder {
                          color: #a6a6a6;
                        }
                    id="TextField2"
                    onBlur={[Function]}
                    onChange={[Function]}
                    onFocus={[Function]}
                    onInput={[Function]}
                    spellCheck={false}
                    type="text"
                    value="255"
                  />
                </div>
              </div>
            </div>
          </td>
          <td
            style={
              Object {
                "width": "18%",
              }
            }
          >
            <div
              className=
                  ms-TextField
                  {
                    box-shadow: none;
                    box-sizing: border-box;
                    margin-bottom: 0px;
                    margin-left: 0px;
                    margin-right: 0px;
                    margin-top: 0px;
                    padding-bottom: 0px;
                    padding-left: 0px;
                    padding-right: 0px;
                    padding-top: 0px;
                    position: relative;
                  }
            >
              <div
                className=


              >
                <div
                  className=
                      ms-TextField-fieldGroup
                      {
                        align-items: stretch;
                        background: #ffffff;
                        border: 1px solid #a6a6a6;
                        box-shadow: none;
                        box-sizing: border-box;
                        display: flex;
                        flex-direction: row;
                        height: 32px;
                        margin-bottom: 0px;
                        margin-left: 0px;
                        margin-right: 0px;
                        margin-top: 0px;
                        padding-bottom: 0px;
                        padding-left: 0px;
                        padding-right: 0px;
                        padding-top: 0px;
                        position: relative;
                      }
                      &:-ms-clear {
                        display: none;
                      }
                      &:hover {
                        border-color: #212121;
                      }
                      @media screen and (-ms-high-contrast: active){&:hover {
                        border-color: Highlight;
                      }
                >
                  <input
                    aria-describedby={null}
                    aria-invalid={false}
                    aria-label={undefined}
                    className=
                        ms-TextField-field
                        {
                          background: none;
                          border-radius: 0px;
                          border: none;
                          box-shadow: none;
                          box-sizing: border-box;
                          color: #333333;
                          font-size: 14px;
                          margin-bottom: 0px;
                          margin-left: 0px;
                          margin-right: 0px;
                          margin-top: 0px;
                          outline: 0px;
                          padding-bottom: 0;
                          padding-left: 12px;
                          padding-right: 12px;
                          padding-top: 0;
                          text-overflow: ellipsis;
                          width: 100%;
                        }
                        &:active {
                          outline: 0px;
                        }
                        &:focus {
                          outline: 0px;
                        }
                        &:hover {
                          outline: 0px;
                        }
                        &:placeholder {
                          color: #a6a6a6;
                        }
                    id="TextField4"
                    onBlur={[Function]}
                    onChange={[Function]}
                    onFocus={[Function]}
                    onInput={[Function]}
                    spellCheck={false}
                    type="text"
                    value="255"
                  />
                </div>
              </div>
            </div>
          </td>
          <td
            style={
              Object {
                "width": "18%",
              }
            }
          >
            <div
              className=
                  ms-TextField
                  {
                    box-shadow: none;
                    box-sizing: border-box;
                    margin-bottom: 0px;
                    margin-left: 0px;
                    margin-right: 0px;
                    margin-top: 0px;
                    padding-bottom: 0px;
                    padding-left: 0px;
                    padding-right: 0px;
                    padding-top: 0px;
                    position: relative;
                  }
            >
              <div
                className=


              >
                <div
                  className=
                      ms-TextField-fieldGroup
                      {
                        align-items: stretch;
                        background: #ffffff;
                        border: 1px solid #a6a6a6;
                        box-shadow: none;
                        box-sizing: border-box;
                        display: flex;
                        flex-direction: row;
                        height: 32px;
                        margin-bottom: 0px;
                        margin-left: 0px;
                        margin-right: 0px;
                        margin-top: 0px;
                        padding-bottom: 0px;
                        padding-left: 0px;
                        padding-right: 0px;
                        padding-top: 0px;
                        position: relative;
                      }
                      &:-ms-clear {
                        display: none;
                      }
                      &:hover {
                        border-color: #212121;
                      }
                      @media screen and (-ms-high-contrast: active){&:hover {
                        border-color: Highlight;
                      }
                >
                  <input
                    aria-describedby={null}
                    aria-invalid={false}
                    aria-label={undefined}
                    className=
                        ms-TextField-field
                        {
                          background: none;
                          border-radius: 0px;
                          border: none;
                          box-shadow: none;
                          box-sizing: border-box;
                          color: #333333;
                          font-size: 14px;
                          margin-bottom: 0px;
                          margin-left: 0px;
                          margin-right: 0px;
                          margin-top: 0px;
                          outline: 0px;
                          padding-bottom: 0;
                          padding-left: 12px;
                          padding-right: 12px;
                          padding-top: 0;
                          text-overflow: ellipsis;
                          width: 100%;
                        }
                        &:active {
                          outline: 0px;
                        }
                        &:focus {
                          outline: 0px;
                        }
                        &:hover {
                          outline: 0px;
                        }
                        &:placeholder {
                          color: #a6a6a6;
                        }
                    id="TextField6"
                    onBlur={[Function]}
                    onChange={[Function]}
                    onFocus={[Function]}
                    onInput={[Function]}
                    spellCheck={false}
                    type="text"
                    value="255"
                  />
                </div>
              </div>
            </div>
          </td>
          <td
            style={
              Object {
                "width": "18%",
              }
            }
          >
            <div
              className=
                  ms-TextField
                  {
                    box-shadow: none;
                    box-sizing: border-box;
                    margin-bottom: 0px;
                    margin-left: 0px;
                    margin-right: 0px;
                    margin-top: 0px;
                    padding-bottom: 0px;
                    padding-left: 0px;
                    padding-right: 0px;
                    padding-top: 0px;
                    position: relative;
                  }
            >
              <div
                className=


              >
                <div
                  className=
                      ms-TextField-fieldGroup
                      {
                        align-items: stretch;
                        background: #ffffff;
                        border: 1px solid #a6a6a6;
                        box-shadow: none;
                        box-sizing: border-box;
                        display: flex;
                        flex-direction: row;
                        height: 32px;
                        margin-bottom: 0px;
                        margin-left: 0px;
                        margin-right: 0px;
                        margin-top: 0px;
                        padding-bottom: 0px;
                        padding-left: 0px;
                        padding-right: 0px;
                        padding-top: 0px;
                        position: relative;
                      }
                      &:-ms-clear {
                        display: none;
                      }
                      &:hover {
                        border-color: #212121;
                      }
                      @media screen and (-ms-high-contrast: active){&:hover {
                        border-color: Highlight;
                      }
                >
                  <input
                    aria-describedby={null}
                    aria-invalid={false}
                    aria-label={undefined}
                    className=
                        ms-TextField-field
                        {
                          background: none;
                          border-radius: 0px;
                          border: none;
                          box-shadow: none;
                          box-sizing: border-box;
                          color: #333333;
                          font-size: 14px;
                          margin-bottom: 0px;
                          margin-left: 0px;
                          margin-right: 0px;
                          margin-top: 0px;
                          outline: 0px;
                          padding-bottom: 0;
                          padding-left: 12px;
                          padding-right: 12px;
                          padding-top: 0;
                          text-overflow: ellipsis;
                          width: 100%;
                        }
                        &:active {
                          outline: 0px;
                        }
                        &:focus {
                          outline: 0px;
                        }
                        &:hover {
                          outline: 0px;
                        }
                        &:placeholder {
                          color: #a6a6a6;
                        }
                    id="TextField8"
                    onBlur={[Function]}
                    onChange={[Function]}
                    onFocus={[Function]}
                    onInput={[Function]}
                    spellCheck={false}
                    type="text"
                    value="100"
                  />
                </div>
              </div>
            </div>
          </td>
        </tr>
      </tbody>
    </table>
  </div>
</div>
`;
