// Jest Snapshot v1, https://goo.gl/fbAQLP

exports[`DatePicker renders default DatePicker correctly 1`] = `
<div
  className="ms-DatePicker"
>
  <div>
    <div
      className=
          ms-TextField
          {
            box-shadow: none;
            box-sizing: border-box;
            margin-bottom: 0px;
            margin-left: 0px;
            margin-right: 0px;
            margin-top: 0px;
            padding-bottom: 0px;
            padding-left: 0px;
            padding-right: 0px;
            padding-top: 0px;
            position: relative;
          }
    >
      <div
        className=


      >
        <div
          className=
              ms-TextField-fieldGroup
              {
                align-items: stretch;
                background: #ffffff;
                border: 1px solid #a6a6a6;
                box-shadow: none;
                box-sizing: border-box;
                display: flex;
                flex-direction: row;
                height: 32px;
                margin-bottom: 0px;
                margin-left: 0px;
                margin-right: 0px;
                margin-top: 0px;
                padding-bottom: 0px;
                padding-left: 0px;
                padding-right: 0px;
                padding-top: 0px;
                position: relative;
              }
              &:-ms-clear {
                display: none;
              }
              &:hover {
                border-color: #212121;
              }
              @media screen and (-ms-high-contrast: active){&:hover {
                border-color: Highlight;
              }
        >
          <input
            aria-describedby={null}
            aria-expanded={false}
            aria-haspopup="true"
            aria-invalid={false}
            aria-label={undefined}
            className=
                ms-TextField-field
                {
                  background: none;
                  border-radius: 0px;
                  border: none;
                  box-shadow: none;
                  box-sizing: border-box;
                  color: #333333;
                  font-size: 14px;
                  margin-bottom: 0px;
                  margin-left: 0px;
                  margin-right: 0px;
                  margin-top: 0px;
                  outline: 0px;
                  padding-bottom: 0;
                  padding-left: 12px;
                  padding-right: 24px;
                  padding-top: 0;
                  text-overflow: ellipsis;
                  width: 100%;
                }
                &:active {
                  outline: 0px;
                }
                &:focus {
                  outline: 0px;
                }
                &:hover {
                  outline: 0px;
                }
                &:placeholder {
                  color: #a6a6a6;
                }
            disabled={undefined}
            id="TextField0"
            onBlur={[Function]}
            onChange={[Function]}
            onClick={[Function]}
            onFocus={[Function]}
            onInput={[Function]}
            onKeyDown={[Function]}
            placeholder={undefined}
            readOnly={true}
            required={false}
            role="menu"
            type="text"
            value=""
          />
          <i
            aria-hidden={true}
            aria-label={undefined}
            className=
                ms-Icon
                ms-DatePicker-event--without-label
                {
                  display: inline-block;
                }
            data-icon-name="Calendar"
            onClick={[Function]}
            role="presentation"
          />
        </div>
      </div>
    </div>
  </div>
</div>
`;
