// Jest Snapshot v1, https://goo.gl/fbAQLP

exports[`TextField renders TextField correctly 1`] = `
<div
  className=
      ms-TextField
      {
        box-shadow: none;
        box-sizing: border-box;
        margin-bottom: 0px;
        margin-left: 0px;
        margin-right: 0px;
        margin-top: 0px;
        padding-bottom: 0px;
        padding-left: 0px;
        padding-right: 0px;
        padding-top: 0px;
        position: relative;
      }
>
  <div
    className=


  >
    <label
      className=
          ms-Label
          {
            box-shadow: none;
            box-sizing: border-box;
            color: #333333;
            display: block;
            margin-bottom: 0px;
            margin-left: 0px;
            margin-right: 0px;
            margin-top: 0px;
            overflow-wrap: break-word;
            padding-bottom: 5px;
            padding-left: 0;
            padding-right: 0;
            padding-top: 5px;
            word-wrap: break-word;
          }
      htmlFor="TextField0"
      required={undefined}
    >
      Label
    </label>
    <div
      className=
          ms-TextField-fieldGroup
          {
            align-items: stretch;
            background: #ffffff;
            border: 1px solid #a6a6a6;
            box-shadow: none;
            box-sizing: border-box;
            display: flex;
            flex-direction: row;
            height: 32px;
            margin-bottom: 0px;
            margin-left: 0px;
            margin-right: 0px;
            margin-top: 0px;
            padding-bottom: 0px;
            padding-left: 0px;
            padding-right: 0px;
            padding-top: 0px;
            position: relative;
          }
          &:-ms-clear {
            display: none;
          }
          &:hover {
            border-color: #212121;
          }
          @media screen and (-ms-high-contrast: active){&:hover {
            border-color: Highlight;
          }
    >
      <input
        aria-describedby={null}
        aria-invalid={false}
        aria-label={undefined}
        className=
            ms-TextField-field
            {
              background: none;
              border-radius: 0px;
              border: none;
              box-shadow: none;
              box-sizing: border-box;
              color: #333333;
              font-size: 14px;
              margin-bottom: 0px;
              margin-left: 0px;
              margin-right: 0px;
              margin-top: 0px;
              outline: 0px;
              padding-bottom: 0;
              padding-left: 12px;
              padding-right: 12px;
              padding-top: 0;
              text-overflow: ellipsis;
              width: 100%;
            }
            &:active {
              outline: 0px;
            }
            &:focus {
              outline: 0px;
            }
            &:hover {
              outline: 0px;
            }
            &:placeholder {
              color: #a6a6a6;
            }
        id="TextField0"
        onBlur={[Function]}
        onChange={[Function]}
        onFocus={[Function]}
        onInput={[Function]}
        type="text"
        value=""
      />
    </div>
  </div>
</div>
`;
